// Jest Snapshot v1, https://goo.gl/fbAQLP

exports[`PythonVersionFile synthesizes .python-version correctly 1`] = `"3.11"`;
