// Jest Snapshot v1, https://goo.gl/fbAQLP

exports[`default Makefile for projen projects 1`] = `
{
  ".gitattributes": "# ~~ Generated by projen. To modify, edit .projenrc.js and run "npx projen".

* text=auto eol=lf",
  ".gitignore": "# ~~ Generated by projen. To modify, edit .projenrc.js and run "npx projen".
node_modules/
!/.gitattributes
!/.projen/tasks.json
!/.projen/deps.json
!/.projen/files.json
!/Makefile-projen
",
  ".projen/files.json": {
    "//": "~~ Generated by projen. To modify, edit .projenrc.js and run "npx projen".",
    "files": [
      ".gitattributes",
      ".gitignore",
      ".projen/deps.json",
      ".projen/files.json",
      ".projen/tasks.json",
      "Makefile-projen",
    ],
  },
  ".projen/tasks.json": {
    "//": "~~ Generated by projen. To modify, edit .projenrc.js and run "npx projen".",
    "tasks": {
      "build": {
        "description": "Full release build",
        "name": "build",
        "steps": [
          {
            "spawn": "default",
          },
          {
            "spawn": "pre-compile",
          },
          {
            "spawn": "compile",
          },
          {
            "spawn": "post-compile",
          },
          {
            "spawn": "test",
          },
          {
            "spawn": "package",
          },
        ],
      },
      "compile": {
        "description": "Only compile",
        "name": "compile",
      },
      "default": {
        "description": "Synthesize project files",
        "name": "default",
      },
      "eject": {
        "description": "Remove projen from the project",
        "env": {
          "PROJEN_EJECTING": "true",
        },
        "name": "eject",
        "steps": [
          {
            "spawn": "default",
          },
        ],
      },
      "package": {
        "description": "Creates the distribution package",
        "name": "package",
      },
      "post-compile": {
        "description": "Runs after successful compilation",
        "name": "post-compile",
      },
      "pre-compile": {
        "description": "Prepare the project for compilation",
        "name": "pre-compile",
      },
      "test": {
        "description": "Run tests",
        "name": "test",
      },
    },
  },
  "Makefile-projen": "SHELL := /bin/bash

all: build lint test

prepare:
	brew install nvm
	@echo "Configure your shell following the instructions at https://formulae.brew.sh/formula/nvm"
  

prepare-projen:
	@if [ "$$CI" == "true" ]; then 		set -x; npm install --no-save --no-package-lock ts-node@10.9.2 projen@0.91.6; 	else 		set -x; npm install --no-save ts-node@10.9.2 projen@0.91.6; 	fi

# Remove projen from the project
eject:
	npx projen eject

# Prepare the project for compilation
pre-compile:
	npx projen pre-compile

# Only compile
compile:
	npx projen compile

# Runs after successful compilation
post-compile:
	npx projen post-compile

# Run tests
test:
	npx projen test

# Creates the distribution package
package:
	npx projen package

# Full release build
build:
	npx projen build

",
}
`;
