// Jest Snapshot v1, https://goo.gl/fbAQLP

exports[`MyPyIniFile synthesizes default mypy.ini 1`] = `
"[mypy]
mypy_path = 
    src
    tests
warn_return_any = True
warn_unreachable = True
warn_redundant_casts = True
warn_unused_ignores = True
pretty = True
cache_dir = .cache/.mypy_cache
"
`;
