// Jest Snapshot v1, https://goo.gl/fbAQLP

exports[`ReadmeFile synthesizes README.md correctly 1`] = `undefined`;
