// Jest Snapshot v1, https://goo.gl/fbAQLP

exports[`NvmRcFile synthesizes .nvmrc correctly 1`] = `"20.16.0"`;
