// Jest Snapshot v1, https://goo.gl/fbAQLP

exports[`PipAudit snapshot of default options 1`] = `
{
  ".gitattributes": "# ~~ Generated by projen. To modify, edit .projenrc.js and run "npx projen".

* text=auto eol=lf",
  ".gitignore": "# ~~ Generated by projen. To modify, edit .projenrc.js and run "npx projen".
node_modules/
!/.gitattributes
!/.projen/tasks.json
!/.projen/deps.json
!/.projen/files.json
.audit_cache
",
  ".projen/deps.json": {
    "//": "~~ Generated by projen. To modify, edit .projenrc.js and run "npx projen".",
    "dependencies": [
      {
        "name": "pip-audit",
        "type": "devenv",
        "version": "2.*",
      },
    ],
  },
  ".projen/files.json": {
    "//": "~~ Generated by projen. To modify, edit .projenrc.js and run "npx projen".",
    "files": [
      ".gitattributes",
      ".gitignore",
      ".projen/deps.json",
      ".projen/files.json",
      ".projen/tasks.json",
    ],
  },
  ".projen/tasks.json": {
    "//": "~~ Generated by projen. To modify, edit .projenrc.js and run "npx projen".",
    "tasks": {
      "build": {
        "description": "Full release build",
        "name": "build",
        "steps": [
          {
            "spawn": "default",
          },
          {
            "spawn": "pre-compile",
          },
          {
            "spawn": "compile",
          },
          {
            "spawn": "post-compile",
          },
          {
            "spawn": "test",
          },
          {
            "spawn": "package",
          },
        ],
      },
      "compile": {
        "description": "Only compile",
        "name": "compile",
      },
      "default": {
        "description": "Synthesize project files",
        "name": "default",
      },
      "eject": {
        "description": "Remove projen from the project",
        "env": {
          "PROJEN_EJECTING": "true",
        },
        "name": "eject",
        "steps": [
          {
            "spawn": "default",
          },
        ],
      },
      "lint-audit": {
        "description": "Code type checks (mypy)",
        "name": "lint-audit",
        "steps": [
          {
            "exec": ".venv/bin/pip-audit --cache-dir .cache/.audit_cache",
          },
        ],
      },
      "package": {
        "description": "Creates the distribution package",
        "name": "package",
      },
      "post-compile": {
        "description": "Runs after successful compilation",
        "name": "post-compile",
      },
      "pre-compile": {
        "description": "Prepare the project for compilation",
        "name": "pre-compile",
      },
      "test": {
        "description": "Run tests",
        "name": "test",
      },
    },
  },
}
`;
