// Jest Snapshot v1, https://goo.gl/fbAQLP

exports[`Ruff snapshot of default options 1`] = `
{
  ".gitattributes": "# ~~ Generated by projen. To modify, edit .projenrc.js and run "npx projen".

* text=auto eol=lf",
  ".gitignore": "# ~~ Generated by projen. To modify, edit .projenrc.js and run "npx projen".
node_modules/
!/.gitattributes
!/.projen/tasks.json
!/.projen/deps.json
!/.projen/files.json
!/ruff.toml
.ruff_cache
",
  ".projen/deps.json": {
    "//": "~~ Generated by projen. To modify, edit .projenrc.js and run "npx projen".",
    "dependencies": [
      {
        "name": "ruff",
        "type": "devenv",
        "version": "0.8.*",
      },
    ],
  },
  ".projen/files.json": {
    "//": "~~ Generated by projen. To modify, edit .projenrc.js and run "npx projen".",
    "files": [
      ".gitattributes",
      ".gitignore",
      ".projen/deps.json",
      ".projen/files.json",
      ".projen/tasks.json",
      "ruff.toml",
    ],
  },
  ".projen/tasks.json": {
    "//": "~~ Generated by projen. To modify, edit .projenrc.js and run "npx projen".",
    "tasks": {
      "build": {
        "description": "Full release build",
        "name": "build",
        "steps": [
          {
            "spawn": "default",
          },
          {
            "spawn": "pre-compile",
          },
          {
            "spawn": "compile",
          },
          {
            "spawn": "post-compile",
          },
          {
            "spawn": "test",
          },
          {
            "spawn": "package",
          },
        ],
      },
      "compile": {
        "description": "Only compile",
        "name": "compile",
      },
      "default": {
        "description": "Synthesize project files",
        "name": "default",
      },
      "eject": {
        "description": "Remove projen from the project",
        "env": {
          "PROJEN_EJECTING": "true",
        },
        "name": "eject",
        "steps": [
          {
            "spawn": "default",
          },
        ],
      },
      "lint": {
        "name": "lint",
        "steps": [
          {
            "spawn": "lint-ruff",
          },
        ],
      },
      "lint-fix": {
        "name": "lint-fix",
        "steps": [
          {
            "spawn": "lint-ruff-fix",
          },
        ],
      },
      "lint-ruff": {
        "description": "Code checks (RUFF)",
        "name": "lint-ruff",
        "steps": [
          {
            "exec": ".venv/bin/ruff format --check src tests",
          },
          {
            "exec": ".venv/bin/ruff check src tests",
          },
        ],
      },
      "lint-ruff-fix": {
        "description": "Lint fix (RUFF)",
        "name": "lint-ruff-fix",
        "steps": [
          {
            "exec": ".venv/bin/ruff format src tests",
          },
          {
            "exec": ".venv/bin/ruff check --fix src tests",
          },
        ],
      },
      "package": {
        "description": "Creates the distribution package",
        "name": "package",
      },
      "post-compile": {
        "description": "Runs after successful compilation",
        "name": "post-compile",
      },
      "pre-compile": {
        "description": "Prepare the project for compilation",
        "name": "pre-compile",
      },
      "test": {
        "description": "Run tests",
        "name": "test",
      },
    },
  },
  "ruff.toml": "# ~~ Generated by projen. To modify, edit .projenrc.js and run "npx projen".

cache-dir = ".cache/.ruff_cache"
show-fixes = true
src = [ "src", "tests" ]
target-version = "py313"
unsafe-fixes = false

[format]
docstring-code-format = true

[lint]
ignore = [ ]
select = [ ]
per-file-ignores = { }

  [lint.mccabe]
  max-complexity = 14
",
}
`;

exports[`Ruff snapshot with custom options 1`] = `
{
  ".gitattributes": "# ~~ Generated by projen. To modify, edit .projenrc.js and run "npx projen".

* text=auto eol=lf",
  ".gitignore": "# ~~ Generated by projen. To modify, edit .projenrc.js and run "npx projen".
node_modules/
!/.gitattributes
!/.projen/tasks.json
!/.projen/deps.json
!/.projen/files.json
!/ruff.toml
.ruff_cache
",
  ".projen/deps.json": {
    "//": "~~ Generated by projen. To modify, edit .projenrc.js and run "npx projen".",
    "dependencies": [
      {
        "name": "ruff",
        "type": "devenv",
        "version": "0.8.*",
      },
    ],
  },
  ".projen/files.json": {
    "//": "~~ Generated by projen. To modify, edit .projenrc.js and run "npx projen".",
    "files": [
      ".gitattributes",
      ".gitignore",
      ".projen/deps.json",
      ".projen/files.json",
      ".projen/tasks.json",
      "ruff.toml",
    ],
  },
  ".projen/tasks.json": {
    "//": "~~ Generated by projen. To modify, edit .projenrc.js and run "npx projen".",
    "tasks": {
      "build": {
        "description": "Full release build",
        "name": "build",
        "steps": [
          {
            "spawn": "default",
          },
          {
            "spawn": "pre-compile",
          },
          {
            "spawn": "compile",
          },
          {
            "spawn": "post-compile",
          },
          {
            "spawn": "test",
          },
          {
            "spawn": "package",
          },
        ],
      },
      "compile": {
        "description": "Only compile",
        "name": "compile",
      },
      "default": {
        "description": "Synthesize project files",
        "name": "default",
      },
      "eject": {
        "description": "Remove projen from the project",
        "env": {
          "PROJEN_EJECTING": "true",
        },
        "name": "eject",
        "steps": [
          {
            "spawn": "default",
          },
        ],
      },
      "lint": {
        "name": "lint",
        "steps": [
          {
            "spawn": "lint-ruff",
          },
        ],
      },
      "lint-fix": {
        "name": "lint-fix",
        "steps": [
          {
            "spawn": "lint-ruff-fix",
          },
        ],
      },
      "lint-ruff": {
        "description": "Code checks (RUFF)",
        "name": "lint-ruff",
        "steps": [
          {
            "exec": ".venv/bin/ruff format --check src tests",
          },
          {
            "exec": ".venv/bin/ruff check src tests",
          },
        ],
      },
      "lint-ruff-fix": {
        "description": "Lint fix (RUFF)",
        "name": "lint-ruff-fix",
        "steps": [
          {
            "exec": ".venv/bin/ruff format src tests",
          },
          {
            "exec": ".venv/bin/ruff check --fix src tests",
          },
        ],
      },
      "package": {
        "description": "Creates the distribution package",
        "name": "package",
      },
      "post-compile": {
        "description": "Runs after successful compilation",
        "name": "post-compile",
      },
      "pre-compile": {
        "description": "Prepare the project for compilation",
        "name": "pre-compile",
      },
      "test": {
        "description": "Run tests",
        "name": "test",
      },
    },
  },
  "ruff.toml": "# ~~ Generated by projen. To modify, edit .projenrc.js and run "npx projen".

cache-dir = ".cache/.ruff_cache"
show-fixes = true
src = [ "src", "tests" ]
target-version = "py313"
unsafe-fixes = false

[format]
docstring-code-format = true

[lint]
ignore = [ ]
select = [ ]
per-file-ignores = { }

  [lint.mccabe]
  max-complexity = 14
",
}
`;
