// Jest Snapshot v1, https://goo.gl/fbAQLP

exports[`LintTarget is synthesized correctly 1`] = `
{
  ".gitattributes": "# ~~ Generated by projen. To modify, edit .projenrc.js and run "npx projen".

* text=auto eol=lf",
  ".gitignore": "# ~~ Generated by projen. To modify, edit .projenrc.js and run "npx projen".
node_modules/
!/.gitattributes
!/.projen/tasks.json
!/.projen/deps.json
!/.projen/files.json
!/mypy.ini
.mypy_cache
!/ruff.toml
.ruff_cache
.audit_cache
",
  ".projen/deps.json": {
    "//": "~~ Generated by projen. To modify, edit .projenrc.js and run "npx projen".",
    "dependencies": [
      {
        "name": "mypy",
        "type": "devenv",
        "version": "1.14.*",
      },
      {
        "name": "pip-audit",
        "type": "devenv",
        "version": "2.*",
      },
      {
        "name": "ruff",
        "type": "devenv",
        "version": "0.8.*",
      },
    ],
  },
  ".projen/files.json": {
    "//": "~~ Generated by projen. To modify, edit .projenrc.js and run "npx projen".",
    "files": [
      ".gitattributes",
      ".gitignore",
      ".projen/deps.json",
      ".projen/files.json",
      ".projen/tasks.json",
      "mypy.ini",
      "ruff.toml",
    ],
  },
  ".projen/tasks.json": {
    "//": "~~ Generated by projen. To modify, edit .projenrc.js and run "npx projen".",
    "tasks": {
      "build": {
        "description": "Full release build",
        "name": "build",
        "steps": [
          {
            "spawn": "default",
          },
          {
            "spawn": "pre-compile",
          },
          {
            "spawn": "compile",
          },
          {
            "spawn": "post-compile",
          },
          {
            "spawn": "test",
          },
          {
            "spawn": "package",
          },
        ],
      },
      "compile": {
        "description": "Only compile",
        "name": "compile",
      },
      "default": {
        "description": "Synthesize project files",
        "name": "default",
      },
      "eject": {
        "description": "Remove projen from the project",
        "env": {
          "PROJEN_EJECTING": "true",
        },
        "name": "eject",
        "steps": [
          {
            "spawn": "default",
          },
        ],
      },
      "lint": {
        "description": "Lint project (format, type check, audit, lint)",
        "name": "lint",
      },
      "lint-audit": {
        "description": "Code type checks (mypy)",
        "name": "lint-audit",
        "steps": [
          {
            "exec": ".venv/bin/pip-audit --cache-dir .cache/.audit_cache",
          },
        ],
      },
      "lint-fix": {
        "description": "Fix auto fixable lint issues",
        "name": "lint-fix",
        "steps": [
          {
            "spawn": "lint-ruff-fix",
          },
        ],
      },
      "lint-mypy": {
        "description": "Code type checks (mypy)",
        "name": "lint-mypy",
        "steps": [
          {
            "exec": ".venv/bin/mypy src tests",
          },
        ],
      },
      "lint-ruff": {
        "description": "Code checks (RUFF)",
        "name": "lint-ruff",
        "steps": [
          {
            "exec": ".venv/bin/ruff format --check src tests",
          },
          {
            "exec": ".venv/bin/ruff check src tests",
          },
        ],
      },
      "lint-ruff-fix": {
        "description": "Lint fix (RUFF)",
        "name": "lint-ruff-fix",
        "steps": [
          {
            "exec": ".venv/bin/ruff format src tests",
          },
          {
            "exec": ".venv/bin/ruff check --fix src tests",
          },
        ],
      },
      "package": {
        "description": "Creates the distribution package",
        "name": "package",
      },
      "post-compile": {
        "description": "Runs after successful compilation",
        "name": "post-compile",
      },
      "pre-compile": {
        "description": "Prepare the project for compilation",
        "name": "pre-compile",
      },
      "test": {
        "description": "Run tests",
        "name": "test",
      },
    },
  },
  "mypy.ini": "[mypy]
mypy_path = 
    src
    tests
warn_return_any = True
warn_unreachable = True
warn_redundant_casts = True
warn_unused_ignores = True
pretty = True
cache_dir = .cache/.mypy_cache
",
  "ruff.toml": "# ~~ Generated by projen. To modify, edit .projenrc.js and run "npx projen".

cache-dir = ".cache/.ruff_cache"
show-fixes = true
src = [ "src", "tests" ]
target-version = "py313"
unsafe-fixes = false

[format]
docstring-code-format = true

[lint]
ignore = [ ]
select = [ ]
per-file-ignores = { }

  [lint.mccabe]
  max-complexity = 14
",
}
`;
